apiVersion: apps/v1
kind: Deployment
metadata:
  labels:
    environment: prod
    region: eu-central-1
  name: app
  namespace: apps
spec:
  selector:
    matchLabels:
      app: app
  template:
    metadata:
      annotations:
        prometheus.io/port: "9797"
        prometheus.io/scrape: "true"
      labels:
        app: app
    spec:
      containers:
      - image: nginx:1.21.4
        imagePullPolicy: IfNotPresent
        name: nginx
        resources:
          limits:
            cpu: 2000m
            memory: 512Mi
          requests:
            cpu: 100m
            memory: 64Mi
---
apiVersion: v1
data:
  image: ${image}
  prometheus_port: ${prometheus_port}
  prometheus_scrape: ${prometheus_scrape:=false}
kind: ConfigMap
metadata:
  labels:
    environment: ${cluster_env:=dev}
    kustomize.toolkit.fluxcd.io/substitute: disabled
    region: ${cluster_region}
  name: app-vars
  namespace: apps
